---
source: crates/ccusage/tests/copilot_cli.rs
expression: "format!(\"Monthly\\n{}\\n\\nSession\\n{}\", run_cli(&fixture, [\"monthly\"]),\nrun_cli(&fixture, [\"session\"]),)"
---
Monthly
┌──────────┬───────────────────┬──────────┬──────────┬──────────┬─────────────┬───────────┬─────────────┬───────────┐
│ Month    │ Agent             │ Models   │    Input │   Output │       Cache │     Cache │       Total │      Cost │
│          │                   │          │          │          │      Create │      Read │      Tokens │     (USD) │
├──────────┼───────────────────┼──────────┼──────────┼──────────┼─────────────┼───────────┼─────────────┼───────────┤
│ 2026-01  │ All               │          │      150 │       80 │          30 │        20 │         280 │     $0.00 │
├──────────┼───────────────────┼──────────┼──────────┼──────────┼─────────────┼───────────┼─────────────┼───────────┤
│          │ - GitHub Copilot  │ -        │      150 │       80 │          30 │        20 │         280 │     $0.00 │
│          │ CLI               │ opus-4.6 │          │          │             │           │             │           │
├──────────┼───────────────────┼──────────┼──────────┼──────────┼─────────────┼───────────┼─────────────┼───────────┤
│ 2026-02  │ All               │          │       72 │       38 │          15 │        10 │         135 │     $0.00 │
├──────────┼───────────────────┼──────────┼──────────┼──────────┼─────────────┼───────────┼─────────────┼───────────┤
│          │ - GitHub Copilot  │ -        │       72 │       38 │          15 │        10 │         135 │     $0.00 │
│          │ CLI               │ gpt-5.4  │          │          │             │           │             │           │
├──────────┼───────────────────┼──────────┼──────────┼──────────┼─────────────┼───────────┼─────────────┼───────────┤
│ Total    │                   │          │      222 │      118 │          45 │        30 │         415 │     $0.00 │
└──────────┴───────────────────┴──────────┴──────────┴──────────┴─────────────┴───────────┴─────────────┴───────────┘


Session
┌──────────┬──────────────────┬──────────┬──────────┬──────────┬─────────────┬───────────┬─────────────┬───────────┐
│ Session  │ Agent            │ Models   │    Input │   Output │       Cache │     Cache │       Total │      Cost │
│          │                  │          │          │          │      Create │      Read │      Tokens │     (USD) │
├──────────┼──────────────────┼──────────┼──────────┼──────────┼─────────────┼───────────┼─────────────┼───────────┤
│ session… │ GitHub Copilot   │ -        │      150 │       80 │          30 │        20 │         280 │     $0.00 │
│          │ CLI              │ opus-4.6 │          │          │             │           │             │           │
├──────────┼──────────────────┼──────────┼──────────┼──────────┼─────────────┼───────────┼─────────────┼───────────┤
│ session… │ GitHub Copilot   │ -        │       65 │       30 │          15 │        10 │         120 │     $0.00 │
│          │ CLI              │ gpt-5.4  │          │          │             │           │             │           │
├──────────┼──────────────────┼──────────┼──────────┼──────────┼─────────────┼───────────┼─────────────┼───────────┤
│ session… │ GitHub Copilot   │ -        │        7 │        8 │           0 │         0 │          15 │     $0.00 │
│          │ CLI              │ gpt-5.4  │          │          │             │           │             │           │
├──────────┼──────────────────┼──────────┼──────────┼──────────┼─────────────┼───────────┼─────────────┼───────────┤
│ Total    │                  │          │      222 │      118 │          45 │        30 │         415 │     $0.00 │
└──────────┴──────────────────┴──────────┴──────────┴──────────┴─────────────┴───────────┴─────────────┴───────────┘
