---
source: adapters/copilot/src/report.rs
expression: "format!(\"Monthly\\n{}\\n\\nSession\\n{}\",\nrender_table(&monthly, AgentReportKind::Monthly),\nrender_table(&sessions, AgentReportKind::Session),)"
---
Monthly
┌──────────┬───────────────┬───────────┬───────────┬───────────────┬─────────────┬───────────────┬─────────────┐
│ Month    │ Models        │     Input │    Output │  Cache Create │  Cache Read │  Total Tokens │  Cost (USD) │
├──────────┼───────────────┼───────────┼───────────┼───────────────┼─────────────┼───────────────┼─────────────┤
│ 2026-01  │ - opus-4.7    │        80 │        55 │            20 │          12 │           167 │       $0.00 │
├──────────┼───────────────┼───────────┼───────────┼───────────────┼─────────────┼───────────────┼─────────────┤
│ 2026-02  │ - gpt-5.4     │         5 │         3 │             1 │           0 │             9 │       $0.00 │
├──────────┼───────────────┼───────────┼───────────┼───────────────┼─────────────┼───────────────┼─────────────┤
│ Total    │               │        85 │        58 │            21 │          12 │           176 │       $0.00 │
└──────────┴───────────────┴───────────┴───────────┴───────────────┴─────────────┴───────────────┴─────────────┘

Session
┌──────────┬─────────────┬──────────┬──────────┬─────────────┬────────────┬─────────────┬────────────┬─────────────┐
│ Session  │ Models      │    Input │   Output │       Cache │ Cache Read │       Total │ Cost (USD) │ Last        │
│          │             │          │          │      Create │            │      Tokens │            │ Activity    │
├──────────┼─────────────┼──────────┼──────────┼─────────────┼────────────┼─────────────┼────────────┼─────────────┤
│ session… │ - opus-4.7  │       80 │       55 │          20 │         12 │         167 │      $0.00 │ 2026-01-03  │
├──────────┼─────────────┼──────────┼──────────┼─────────────┼────────────┼─────────────┼────────────┼─────────────┤
│ session… │ - gpt-5.4   │        5 │        3 │           1 │          0 │           9 │      $0.00 │ 2026-02-01  │
├──────────┼─────────────┼──────────┼──────────┼─────────────┼────────────┼─────────────┼────────────┼─────────────┤
│ Total    │             │       85 │       58 │          21 │         12 │         176 │      $0.00 │             │
└──────────┴─────────────┴──────────┴──────────┴─────────────┴────────────┴─────────────┴────────────┴─────────────┘
