---
source: adapters/copilot/src/report.rs
expression: "serde_json::json!({\n    \"monthly\": report_from_rows(&monthly, AgentReportKind::Monthly),\n    \"sessions\": report_from_rows(&sessions, AgentReportKind::Session),\n})"
---
{
  "monthly": {
    "monthly": [
      {
        "cacheCreationTokens": 20,
        "cacheReadTokens": 12,
        "inputTokens": 80,
        "modelBreakdowns": [
          {
            "cacheCreationTokens": 20,
            "cacheReadTokens": 12,
            "cost": 0.00183,
            "inputTokens": 80,
            "modelName": "claude-opus-4.7",
            "outputTokens": 55
          }
        ],
        "modelsUsed": [
          "claude-opus-4.7"
        ],
        "month": "2026-01",
        "outputTokens": 55,
        "totalCost": 0.00183,
        "totalTokens": 167
      },
      {
        "cacheCreationTokens": 1,
        "cacheReadTokens": 0,
        "inputTokens": 5,
        "modelBreakdowns": [
          {
            "cacheCreationTokens": 1,
            "cacheReadTokens": 0,
            "cost": 0.0002,
            "inputTokens": 5,
            "modelName": "gpt-5.4",
            "outputTokens": 3
          }
        ],
        "modelsUsed": [
          "gpt-5.4"
        ],
        "month": "2026-02",
        "outputTokens": 3,
        "totalCost": 0.0002,
        "totalTokens": 9
      }
    ],
    "totals": {
      "cacheCreationTokens": 21,
      "cacheReadTokens": 12,
      "inputTokens": 85,
      "outputTokens": 58,
      "totalCost": 0.00203,
      "totalTokens": 176
    }
  },
  "sessions": {
    "sessions": [
      {
        "cacheCreationTokens": 20,
        "cacheReadTokens": 12,
        "firstActivity": "2026-01-02T01:20:00.000Z",
        "inputTokens": 80,
        "lastActivity": "2026-01-03T01:20:00.000Z",
        "modelBreakdowns": [
          {
            "cacheCreationTokens": 20,
            "cacheReadTokens": 12,
            "cost": 0.00183,
            "inputTokens": 80,
            "modelName": "claude-opus-4.7",
            "outputTokens": 55
          }
        ],
        "modelsUsed": [
          "claude-opus-4.7"
        ],
        "outputTokens": 55,
        "projectPath": "/workspace/copilot",
        "sessionId": "session-a",
        "totalCost": 0.00183,
        "totalTokens": 167
      },
      {
        "cacheCreationTokens": 1,
        "cacheReadTokens": 0,
        "firstActivity": "2026-02-01T01:20:00.000Z",
        "inputTokens": 5,
        "lastActivity": "2026-02-01T01:20:00.000Z",
        "modelBreakdowns": [
          {
            "cacheCreationTokens": 1,
            "cacheReadTokens": 0,
            "cost": 0.0002,
            "inputTokens": 5,
            "modelName": "gpt-5.4",
            "outputTokens": 3
          }
        ],
        "modelsUsed": [
          "gpt-5.4"
        ],
        "outputTokens": 3,
        "projectPath": "/workspace/copilot",
        "sessionId": "session-b",
        "totalCost": 0.0002,
        "totalTokens": 9
      }
    ],
    "totals": {
      "cacheCreationTokens": 21,
      "cacheReadTokens": 12,
      "inputTokens": 85,
      "outputTokens": 58,
      "totalCost": 0.00203,
      "totalTokens": 176
    }
  }
}
