---
source: crates/ccusage-terminal/src/table.rs
expression: "table.render_lines().join(\"\\n\")"
---
┌──────────┬────────────┬──────────┬──────────┬──────────┐
│ Date     │ Models     │    Input │   Output │     Cost │
│          │            │          │          │    (USD) │
├──────────┼────────────┼──────────┼──────────┼──────────┤
│ 2026     │ -          │   123.5M │     9.9M │   $12.3K │
│ 05-18    │ claude-so… │          │          │          │
│          │ -          │          │          │          │
│          │ unusually… │          │          │          │
└──────────┴────────────┴──────────┴──────────┴──────────┘
