---
source: crates/ccusage/src/adapter/amp/report.rs
assertion_line: 489
expression: "render(false, AgentReportKind::Daily, &rows, &shared)"
---
┌─────────────────────────────┬──────────────────────────┬──────────┬──────────┬──────────────┬────────────┬──────────────┬──────────┐
│ Date                        │ Models                   │    Input │   Output │ Cache Create │ Cache Read │ Total Tokens │  Credits │
├─────────────────────────────┼──────────────────────────┼──────────┼──────────┼──────────────┼────────────┼──────────────┼──────────┤
│ 2026-07-08                  │ -                        │  100,000 │    5,000 │            0 │          0 │      105,000 │     0.00 │
│                             │ goose-claude-4-6-sonnet  │          │          │              │            │              │          │
│                             │ - unknown-model-xyz      │          │          │              │            │              │          │
├─────────────────────────────┼──────────────────────────┼──────────┼──────────┼──────────────┼────────────┼──────────────┼──────────┤
│ └─ goose-claude-4-6-sonnet  │                          │   80,000 │    4,000 │            0 │          0 │       84,000 │          │
├─────────────────────────────┼──────────────────────────┼──────────┼──────────┼──────────────┼────────────┼──────────────┼──────────┤
│   └─ unknown-model-xyz      │                          │   20,000 │    1,000 │            0 │          0 │       21,000 │          │
├─────────────────────────────┼──────────────────────────┼──────────┼──────────┼──────────────┼────────────┼──────────────┼──────────┤
│ Total                       │                          │  100,000 │    5,000 │            0 │          0 │      105,000 │     0.00 │
└─────────────────────────────┴──────────────────────────┴──────────┴──────────┴──────────────┴────────────┴──────────────┴──────────┘
