---
source: crates/ccusage/src/adapter/amp/report.rs
assertion_line: 461
expression: "render(false, AgentReportKind::Daily, &rows, &shared)"
---
┌──────────────────────────┬────────────────────────┬──────────┬──────────┬─────────────┬───────────┬─────────────┬──────────┬───────────┐
│ Date                     │ Models                 │    Input │   Output │       Cache │     Cache │       Total │  Credits │      Cost │
│                          │                        │          │          │      Create │      Read │      Tokens │          │     (USD) │
├──────────────────────────┼────────────────────────┼──────────┼──────────┼─────────────┼───────────┼─────────────┼──────────┼───────────┤
│ 2026-07-08               │ -                      │  100,000 │    5,000 │           0 │         0 │     105,000 │     0.00 │     $1.50 │
│                          │ goose-claude-4-6-sonn… │          │          │             │           │             │          │           │
│                          │ - unknown-model-xyz    │          │          │             │           │             │          │           │
├──────────────────────────┼────────────────────────┼──────────┼──────────┼─────────────┼───────────┼─────────────┼──────────┼───────────┤
│ └─                       │                        │   80,000 │    4,000 │           0 │         0 │      84,000 │          │     $1.50 │
│ goose-claude-4-6-sonnet  │                        │          │          │             │           │             │          │           │
├──────────────────────────┼────────────────────────┼──────────┼──────────┼─────────────┼───────────┼─────────────┼──────────┼───────────┤
│   └─ unknown-model-xyz   │                        │   20,000 │    1,000 │           0 │         0 │      21,000 │          │     $0.00 │
├──────────────────────────┼────────────────────────┼──────────┼──────────┼─────────────┼───────────┼─────────────┼──────────┼───────────┤
│ Total                    │                        │  100,000 │    5,000 │           0 │         0 │     105,000 │     0.00 │     $1.50 │
└──────────────────────────┴────────────────────────┴──────────┴──────────┴─────────────┴───────────┴─────────────┴──────────┴───────────┘
