---
source: crates/ccusage/src/adapter/amp/report.rs
assertion_line: 496
expression: "render(true, AgentReportKind::Daily, &rows, &shared)"
---
┌──────────────────────────────┬───────────────────────────┬───────────┬───────────┬───────────┐
│ Date                         │ Models                    │     Input │    Output │   Credits │
├──────────────────────────────┼───────────────────────────┼───────────┼───────────┼───────────┤
│ 2026-07-08                   │ - goose-claude-4-6-sonnet │   100,000 │     5,000 │      0.00 │
│                              │ - unknown-model-xyz       │           │           │           │
├──────────────────────────────┼───────────────────────────┼───────────┼───────────┼───────────┤
│   └─ goose-claude-4-6-sonnet │                           │    80,000 │     4,000 │           │
├──────────────────────────────┼───────────────────────────┼───────────┼───────────┼───────────┤
│   └─ unknown-model-xyz       │                           │    20,000 │     1,000 │           │
├──────────────────────────────┼───────────────────────────┼───────────┼───────────┼───────────┤
│ Total                        │                           │   100,000 │     5,000 │      0.00 │
└──────────────────────────────┴───────────────────────────┴───────────┴───────────┴───────────┘
