---
source: crates/ccusage/src/adapter/amp/report.rs
assertion_line: 468
expression: "render(false, AgentReportKind::Daily, &rows, &shared)"
---
┌────────────┬───────────────────────────┬───────────┬───────────┬───────────────┬─────────────┬───────────────┬───────────┬─────────────┐
│ Date       │ Models                    │     Input │    Output │  Cache Create │  Cache Read │  Total Tokens │   Credits │  Cost (USD) │
├────────────┼───────────────────────────┼───────────┼───────────┼───────────────┼─────────────┼───────────────┼───────────┼─────────────┤
│ 2026-07-08 │ - goose-claude-4-6-sonnet │   100,000 │     5,000 │             0 │           0 │       105,000 │      0.00 │       $1.50 │
│            │ - unknown-model-xyz       │           │           │               │             │               │           │             │
├────────────┼───────────────────────────┼───────────┼───────────┼───────────────┼─────────────┼───────────────┼───────────┼─────────────┤
│ Total      │                           │   100,000 │     5,000 │             0 │           0 │       105,000 │      0.00 │       $1.50 │
└────────────┴───────────────────────────┴───────────┴───────────┴───────────────┴─────────────┴───────────────┴───────────┴─────────────┘
