---
source: adapters/codex/src/lib.rs
expression: report
---
{
  "daily": [
    {
      "cacheCreationTokens": 5,
      "cacheReadTokens": 20,
      "costUSD": 0,
      "date": "2026-01-02",
      "inputTokens": 175,
      "models": {
        "gpt-5": {
          "cacheCreationTokens": 5,
          "cacheReadTokens": 20,
          "inputTokens": 175,
          "isFallback": false,
          "outputTokens": 21,
          "reasoningOutputTokens": 3,
          "totalTokens": 226
        }
      },
      "outputTokens": 21,
      "reasoningOutputTokens": 3,
      "sourceBreakdowns": [
        {
          "cacheCreationTokens": 0,
          "cacheReadTokens": 20,
          "costUSD": 0,
          "inputTokens": 80,
          "models": {
            "gpt-5": {
              "cacheCreationTokens": 0,
              "cacheReadTokens": 20,
              "inputTokens": 80,
              "isFallback": false,
              "outputTokens": 10,
              "reasoningOutputTokens": 1,
              "totalTokens": 110
            }
          },
          "outputTokens": 10,
          "reasoningOutputTokens": 1,
          "source": "CLI",
          "totalTokens": 110
        },
        {
          "cacheCreationTokens": 5,
          "cacheReadTokens": 0,
          "costUSD": 0,
          "inputTokens": 20,
          "models": {
            "gpt-5": {
              "cacheCreationTokens": 5,
              "cacheReadTokens": 0,
              "inputTokens": 20,
              "isFallback": false,
              "outputTokens": 2,
              "reasoningOutputTokens": 0,
              "totalTokens": 32
            }
          },
          "outputTokens": 2,
          "reasoningOutputTokens": 0,
          "source": "Desktop App",
          "totalTokens": 32
        },
        {
          "cacheCreationTokens": 0,
          "cacheReadTokens": 0,
          "costUSD": 0,
          "inputTokens": 50,
          "models": {
            "gpt-5": {
              "cacheCreationTokens": 0,
              "cacheReadTokens": 0,
              "inputTokens": 50,
              "isFallback": false,
              "outputTokens": 5,
              "reasoningOutputTokens": 0,
              "totalTokens": 55
            }
          },
          "outputTokens": 5,
          "reasoningOutputTokens": 0,
          "source": "Exec",
          "totalTokens": 55
        },
        {
          "cacheCreationTokens": 0,
          "cacheReadTokens": 0,
          "costUSD": 0,
          "inputTokens": 10,
          "models": {
            "gpt-5": {
              "cacheCreationTokens": 0,
              "cacheReadTokens": 0,
              "inputTokens": 10,
              "isFallback": false,
              "outputTokens": 1,
              "reasoningOutputTokens": 0,
              "totalTokens": 11
            }
          },
          "outputTokens": 1,
          "reasoningOutputTokens": 0,
          "source": "Uncategorized",
          "totalTokens": 11
        },
        {
          "cacheCreationTokens": 0,
          "cacheReadTokens": 0,
          "costUSD": 0,
          "inputTokens": 15,
          "models": {
            "gpt-5": {
              "cacheCreationTokens": 0,
              "cacheReadTokens": 0,
              "inputTokens": 15,
              "isFallback": false,
              "outputTokens": 3,
              "reasoningOutputTokens": 2,
              "totalTokens": 18
            }
          },
          "outputTokens": 3,
          "reasoningOutputTokens": 2,
          "source": "future-client",
          "totalTokens": 18
        }
      ],
      "totalTokens": 226
    }
  ],
  "totals": {
    "cacheCreationTokens": 5,
    "cacheReadTokens": 20,
    "costUSD": 0,
    "inputTokens": 175,
    "outputTokens": 21,
    "reasoningOutputTokens": 3,
    "sourceBreakdowns": [
      {
        "cacheCreationTokens": 0,
        "cacheReadTokens": 20,
        "costUSD": 0,
        "inputTokens": 80,
        "models": {
          "gpt-5": {
            "cacheCreationTokens": 0,
            "cacheReadTokens": 20,
            "inputTokens": 80,
            "isFallback": false,
            "outputTokens": 10,
            "reasoningOutputTokens": 1,
            "totalTokens": 110
          }
        },
        "outputTokens": 10,
        "reasoningOutputTokens": 1,
        "source": "CLI",
        "totalTokens": 110
      },
      {
        "cacheCreationTokens": 5,
        "cacheReadTokens": 0,
        "costUSD": 0,
        "inputTokens": 20,
        "models": {
          "gpt-5": {
            "cacheCreationTokens": 5,
            "cacheReadTokens": 0,
            "inputTokens": 20,
            "isFallback": false,
            "outputTokens": 2,
            "reasoningOutputTokens": 0,
            "totalTokens": 32
          }
        },
        "outputTokens": 2,
        "reasoningOutputTokens": 0,
        "source": "Desktop App",
        "totalTokens": 32
      },
      {
        "cacheCreationTokens": 0,
        "cacheReadTokens": 0,
        "costUSD": 0,
        "inputTokens": 50,
        "models": {
          "gpt-5": {
            "cacheCreationTokens": 0,
            "cacheReadTokens": 0,
            "inputTokens": 50,
            "isFallback": false,
            "outputTokens": 5,
            "reasoningOutputTokens": 0,
            "totalTokens": 55
          }
        },
        "outputTokens": 5,
        "reasoningOutputTokens": 0,
        "source": "Exec",
        "totalTokens": 55
      },
      {
        "cacheCreationTokens": 0,
        "cacheReadTokens": 0,
        "costUSD": 0,
        "inputTokens": 10,
        "models": {
          "gpt-5": {
            "cacheCreationTokens": 0,
            "cacheReadTokens": 0,
            "inputTokens": 10,
            "isFallback": false,
            "outputTokens": 1,
            "reasoningOutputTokens": 0,
            "totalTokens": 11
          }
        },
        "outputTokens": 1,
        "reasoningOutputTokens": 0,
        "source": "Uncategorized",
        "totalTokens": 11
      },
      {
        "cacheCreationTokens": 0,
        "cacheReadTokens": 0,
        "costUSD": 0,
        "inputTokens": 15,
        "models": {
          "gpt-5": {
            "cacheCreationTokens": 0,
            "cacheReadTokens": 0,
            "inputTokens": 15,
            "isFallback": false,
            "outputTokens": 3,
            "reasoningOutputTokens": 2,
            "totalTokens": 18
          }
        },
        "outputTokens": 3,
        "reasoningOutputTokens": 2,
        "source": "future-client",
        "totalTokens": 18
      }
    ],
    "totalTokens": 226
  }
}
