---
source: adapters/codex/src/report.rs
expression: rows
---
[
    [
        "2026-08-20",
        "- gpt-5",
        "80",
        "10",
        "0",
        "0",
        "20",
        "110",
        "$0.00",
    ],
    [
        "  CLI",
        "- gpt-5",
        "80",
        "10",
        "0",
        "0",
        "20",
        "110",
        "$0.00",
    ],
]
